// Vitest Snapshot v1, https://vitest.dev/guide/snapshot.html

exports[`PortfolioChart > matches snapshot 1`] = `
<DocumentFragment>
  <div
    style="width: 800px; height: 400px;"
  >
    <div
      class="_chartContainer_c964f2"
      data-testid="portfolio-chart"
    >
      <div
        class="recharts-responsive-container"
        style="width: 100%; height: 100%; min-width: 0;"
      />
      <div
        class="_legendContainer_b76435"
      >
        <button
          aria-label="toggle Stocks"
          aria-pressed="true"
          class="_legendItem_b76435 "
          type="button"
        >
          <span
            class="_colorBadge_b76435"
          />
          <span>
            Stocks
          </span>
        </button>
        <button
          aria-label="toggle Bonds"
          aria-pressed="true"
          class="_legendItem_b76435 "
          type="button"
        >
          <span
            class="_colorBadge_b76435"
          />
          <span>
            Bonds
          </span>
        </button>
        <button
          aria-label="toggle Crypto"
          aria-pressed="true"
          class="_legendItem_b76435 "
          type="button"
        >
          <span
            class="_colorBadge_b76435"
          />
          <span>
            Crypto
          </span>
        </button>
      </div>
    </div>
  </div>
</DocumentFragment>
`;
